../Core/Src/main.c:69:10:AnalogRead_ADC1	16	static
../Core/Src/main.c:79:7:calculate_R0	48	static
../Core/Src/main.c:97:8:get_alcohol_ppm	64	static
../Core/Src/main.c:118:5:main	64	static
../Core/Src/main.c:197:6:SystemClock_Config	88	static
../Core/Src/main.c:241:13:MX_ADC1_Init	24	static
../Core/Src/main.c:288:13:MX_I2C1_Init	8	static
../Core/Src/main.c:322:13:MX_USART1_UART_Init	8	static
../Core/Src/main.c:355:13:MX_GPIO_Init	16	static
../Core/Src/main.c:372:6:Error_Handler	4	static,ignoring_inline_asm
